// Vitest Snapshot v1, https://vitest.dev/guide/snapshot.html

exports[`TheCounter.vue > should render 1`] = `"<div>10 <button class=\\"inc\\"> + </button><button class=\\"dec\\"> - </button></div>"`;

exports[`aboutView.vue > should render 1`] = `
"<div class=\\"n-card n-card--bordered\\" style=\\"--n-bezier: cubic-bezier(.4, 0, .2, 1); --n-border-radius: 3px; --n-color: #fff; --n-color-modal: #fff; --n-color-popover: #fff; --n-color-embedded: rgb(250, 250, 252); --n-color-embedded-modal: rgb(250, 250, 252); --n-color-embedded-popover: rgb(250, 250, 252); --n-color-target: #18a058; --n-text-color: rgb(51, 54, 57); --n-line-height: 1.6; --n-action-color: rgb(250, 250, 252); --n-title-text-color: rgb(31, 34, 37); --n-title-font-weight: 500; --n-close-icon-color: rgba(102, 102, 102, 1); --n-close-icon-color-hover: rgba(102, 102, 102, 1); --n-close-icon-color-pressed: rgba(102, 102, 102, 1); --n-close-color-hover: rgba(0, 0, 0, .09); --n-close-color-pressed: rgba(0, 0, 0, .13); --n-border-color: rgb(239, 239, 245); --n-box-shadow: 0 1px 2px -2px rgba(0, 0, 0, .08), 0 3px 6px 0 rgba(0, 0, 0, .06), 0 5px 12px 4px rgba(0, 0, 0, .04); --n-padding-top: 19px; --n-padding-bottom: 20px; --n-padding-left: 24px; --n-font-size: 14px; --n-title-font-size: 18px; --n-close-size: 22px; --n-close-icon-size: 18px; --n-close-border-radius: 3px;\\">
  <!---->
  <div class=\\"n-card-header\\">
    <div class=\\"n-card-header__main\\" role=\\"heading\\">about</div>
    <!---->
    <!---->
  </div>
  <div class=\\"n-card__content\\" role=\\"none\\">
    <div class=\\"n-input n-input--resizable n-input--stateful\\" style=\\"--n-bezier: cubic-bezier(.4, 0, .2, 1); --n-count-text-color: rgb(118, 124, 130); --n-count-text-color-disabled: rgba(194, 194, 194, 1); --n-color: rgba(255, 255, 255, 1); --n-font-size: 14px; --n-border-radius: 3px; --n-height: 34px; --n-padding-left: 12px; --n-padding-right: 12px; --n-text-color: rgb(51, 54, 57); --n-caret-color: #18a058; --n-text-decoration-color: rgb(51, 54, 57); --n-border: 1px solid rgb(224, 224, 230); --n-border-disabled: 1px solid rgb(224, 224, 230); --n-border-hover: 1px solid #36ad6a; --n-border-focus: 1px solid #36ad6a; --n-placeholder-color: rgba(194, 194, 194, 1); --n-placeholder-color-disabled: rgba(209, 209, 209, 1); --n-icon-size: 16px; --n-line-height-textarea: 1.6; --n-color-disabled: rgb(250, 250, 252); --n-color-focus: rgba(255, 255, 255, 1); --n-text-color-disabled: rgba(194, 194, 194, 1); --n-box-shadow-focus: 0 0 0 2px rgba(24, 160, 88, 0.2); --n-loading-color: #18a058; --n-caret-color-warning: #f0a020; --n-color-focus-warning: rgba(255, 255, 255, 1); --n-box-shadow-focus-warning: 0 0 0 2px rgba(240, 160, 32, 0.2); --n-border-warning: 1px solid #f0a020; --n-border-focus-warning: 1px solid #fcb040; --n-border-hover-warning: 1px solid #fcb040; --n-loading-color-warning: #f0a020; --n-caret-color-error: #d03050; --n-color-focus-error: rgba(255, 255, 255, 1); --n-box-shadow-focus-error: 0 0 0 2px rgba(208, 48, 80, 0.2); --n-border-error: 1px solid #d03050; --n-border-focus-error: 1px solid #de576d; --n-border-hover-error: 1px solid #de576d; --n-loading-color-error: #d03050; --n-clear-color: rgba(194, 194, 194, 1); --n-clear-size: 16px; --n-clear-color-hover: rgba(146, 146, 146, 1); --n-clear-color-pressed: rgba(175, 175, 175, 1); --n-icon-color: rgba(194, 194, 194, 1); --n-icon-color-hover: rgba(146, 146, 146, 1); --n-icon-color-pressed: rgba(175, 175, 175, 1); --n-icon-color-disabled: rgba(209, 209, 209, 1); --n-suffix-text-color: rgb(51, 54, 57);\\">
      <div class=\\"n-input-wrapper\\">
        <!---->
        <div class=\\"n-input__input\\"><input type=\\"text\\" class=\\"n-input__input-el\\" placeholder=\\"Please Input\\" size=\\"20\\">
          <div class=\\"n-input__placeholder\\"><span>Please Input</span></div>
          <!---->
        </div>
        <!---->
      </div>
      <!---->
      <!---->
      <div class=\\"n-input__border\\"></div>
      <div class=\\"n-input__state-border\\"></div>
      <!---->
    </div>
  </div>
  <!---->
  <!---->
</div>"
`;
